------------------------------------------------------------
Timing Analyzer Summary
------------------------------------------------------------

Type  : Slow 1100mV 85C Model Setup 'clk'
Slack : -2.242
TNS   : -69.517

Type  : Slow 1100mV 85C Model Hold 'clk'
Slack : 0.387
TNS   : 0.000

Type  : Slow 1100mV 85C Model Minimum Pulse Width 'clk'
Slack : -0.394
TNS   : -22.363

Type  : Slow 1100mV 0C Model Setup 'clk'
Slack : -2.338
TNS   : -69.433

Type  : Slow 1100mV 0C Model Hold 'clk'
Slack : 0.385
TNS   : 0.000

Type  : Slow 1100mV 0C Model Minimum Pulse Width 'clk'
Slack : -0.394
TNS   : -24.157

Type  : Fast 1100mV 85C Model Setup 'clk'
Slack : -0.805
TNS   : -22.628

Type  : Fast 1100mV 85C Model Hold 'clk'
Slack : 0.206
TNS   : 0.000

Type  : Fast 1100mV 85C Model Minimum Pulse Width 'clk'
Slack : -0.092
TNS   : -3.768

Type  : Fast 1100mV 0C Model Setup 'clk'
Slack : -0.731
TNS   : -18.775

Type  : Fast 1100mV 0C Model Hold 'clk'
Slack : 0.193
TNS   : 0.000

Type  : Fast 1100mV 0C Model Minimum Pulse Width 'clk'
Slack : -0.089
TNS   : -3.680

------------------------------------------------------------
